=== DIAGNOSTYKA START: Mon May 11 16:36:26 CEST 2026 ===
--- Ładowanie modułów i środowiska ---
Python: /net/tscratch/people/plgmwojnar99/.conda/envs/llm_env/bin/python
--- Test PyTorch i CUDA ---
PyTorch version: 2.5.1+cu121
CUDA available: True
GPU Device: NVIDIA A100-SXM4-40GB
GPU Count: 1
Transformers OK
--- Próba uruchomienia torchrun (mini model) ---
Epoch 1, step 0, loss=9.2073
Epoch 1, step 10, loss=6.5683
Epoch 1, step 20, loss=7.3558
Epoch 1, step 30, loss=6.1594
Epoch 1, step 40, loss=6.7327
Epoch 1, step 50, loss=6.5258
Epoch 1, step 60, loss=6.2340
Epoch 1, step 70, loss=6.0444
Epoch 1, step 80, loss=5.7099
Epoch 1, step 90, loss=6.0457
Epoch 1, step 100, loss=6.2318
Epoch 1, step 110, loss=5.3754
Epoch 1, step 120, loss=5.2709
Epoch 1, step 130, loss=5.7877
Epoch 1, step 140, loss=5.5167
Epoch 1, step 150, loss=6.2072
Epoch 1, step 160, loss=6.5907
Epoch 1, step 170, loss=5.5679
Epoch 1, step 180, loss=5.4643
Epoch 1, step 190, loss=5.7979
Epoch 1, step 200, loss=5.4376
Epoch 1, step 210, loss=5.1688
Epoch 1, step 220, loss=6.0027
Epoch 1, step 230, loss=5.7867
Epoch 1, step 240, loss=6.6816
Epoch 1, step 250, loss=6.4905
Epoch 1, step 260, loss=5.7191
Epoch 1, step 270, loss=6.0636
Epoch 1, step 280, loss=5.9790
Epoch 1, step 290, loss=5.5190
Epoch 1, step 300, loss=5.6804
Epoch 1, step 310, loss=5.5838
Epoch 1, step 320, loss=5.4291
Epoch 1, step 330, loss=5.2169
Epoch 1, step 340, loss=5.2614
Epoch 1, step 350, loss=5.1130
Epoch 1, step 360, loss=5.9970
Epoch 1, step 370, loss=5.0233
Epoch 1, step 380, loss=5.6329
Epoch 1, step 390, loss=5.5653
Epoch 1, step 400, loss=5.5934
Epoch 1, step 410, loss=5.8972
Epoch 1, step 420, loss=5.4867
Epoch 1, step 430, loss=5.5063
Epoch 1, step 440, loss=5.2248
Epoch 1, step 450, loss=5.3270
Epoch 1, step 460, loss=5.0736
Epoch 1, step 470, loss=5.1016
Epoch 1, step 480, loss=5.6581
Epoch 1, step 490, loss=5.7121
Epoch 1, step 500, loss=5.8178
Epoch 1, step 510, loss=5.7477
Epoch 1, step 520, loss=6.0119
Epoch 1, step 530, loss=5.5066
Epoch 1, step 540, loss=5.8442
Epoch 1, step 550, loss=6.1828
Epoch 1, step 560, loss=4.8785
Epoch 1, step 570, loss=5.3369
Epoch 1, step 580, loss=5.5312
Epoch 1, step 590, loss=4.4089
Epoch 1, step 600, loss=5.7967
Epoch 1, step 610, loss=5.5386
Epoch 1, step 620, loss=5.9180
Epoch 1, step 630, loss=6.2974
Epoch 1, step 640, loss=6.3604
Epoch 1, step 650, loss=5.4650
Epoch 1, step 660, loss=5.6036
Epoch 1, step 670, loss=5.5429
Epoch 1, step 680, loss=5.9356
Epoch 1, step 690, loss=6.6564
Epoch 1, step 700, loss=4.9388
Epoch 1, step 710, loss=5.9075
Epoch 1, step 720, loss=5.5473
Epoch 1, step 730, loss=5.7607
Epoch 1, step 740, loss=5.1368
Epoch 1, step 750, loss=5.8944
Epoch 1, step 760, loss=5.5865
Epoch 1, step 770, loss=5.4632
Epoch 1, step 780, loss=5.1920
Epoch 1, step 790, loss=5.6531
Epoch 1, step 800, loss=5.2854
Epoch 1, step 810, loss=5.4727
Epoch 1, step 820, loss=4.8004
Epoch 1, step 830, loss=5.8052
Epoch 1, step 840, loss=5.5236
Epoch 1, step 850, loss=4.8397
Epoch 1, step 860, loss=5.7399
Epoch 1, step 870, loss=5.2461
Epoch 1, step 880, loss=5.8750
Epoch 1, step 890, loss=5.1074
Epoch 1, step 900, loss=5.6546
Epoch 1, step 910, loss=5.1367
Epoch 1, step 920, loss=5.5068
Epoch 1, step 930, loss=5.6697
Epoch 1, step 940, loss=5.8141
Epoch 1, step 950, loss=5.5982
Epoch 1, step 960, loss=5.6993
Epoch 1, step 970, loss=5.3510
Epoch 1, step 980, loss=5.0509
Epoch 1, step 990, loss=4.8814
Epoch 1, step 1000, loss=5.7580
Epoch 1, step 1010, loss=5.8248
Epoch 1, step 1020, loss=5.2919
Epoch 1, step 1030, loss=4.6929
Epoch 1, step 1040, loss=5.7287
Epoch 1, step 1050, loss=5.6449
Epoch 1, step 1060, loss=5.6009
Epoch 1, step 1070, loss=4.8978
Epoch 1, step 1080, loss=5.6100
Epoch 1, step 1090, loss=4.9426
Epoch 1, step 1100, loss=6.1410
Epoch 1, step 1110, loss=6.0790
Epoch 1, step 1120, loss=5.6314
Epoch 1, step 1130, loss=5.8341
Epoch 1, step 1140, loss=5.3735
Epoch 1, step 1150, loss=5.7556
Epoch 1, step 1160, loss=4.9661
Epoch 1, step 1170, loss=5.9340
Epoch 1, step 1180, loss=5.5424
Epoch 1, step 1190, loss=4.7738
Epoch 1, step 1200, loss=5.7913
Epoch 1, step 1210, loss=4.4804
Epoch 1, step 1220, loss=5.7084
Epoch 1, step 1230, loss=5.3351
Epoch 1, step 1240, loss=5.7028
Epoch 1, step 1250, loss=5.9918
Epoch 1, step 1260, loss=6.0474
Epoch 1, step 1270, loss=5.1098
Epoch 1, step 1280, loss=5.2240
Epoch 1, step 1290, loss=4.8061
Epoch 1, step 1300, loss=4.9907
Epoch 1, step 1310, loss=5.1761
Epoch 1, step 1320, loss=5.2565
Epoch 1, step 1330, loss=5.6937
Epoch 1, step 1340, loss=5.1210
Epoch 1, step 1350, loss=4.5783
Epoch 1, step 1360, loss=5.8343
Epoch 1, step 1370, loss=5.1555
Epoch 1, step 1380, loss=6.1131
Epoch 1, step 1390, loss=4.4765
Epoch 1, step 1400, loss=5.1335
Epoch 1, step 1410, loss=5.9724
Epoch 1, step 1420, loss=5.6261
Epoch 1, step 1430, loss=5.7595
Epoch 1, step 1440, loss=6.2500
Epoch 1, step 1450, loss=5.2961
Epoch 1, step 1460, loss=5.4872
Epoch 1, step 1470, loss=5.5126
Epoch 1, step 1480, loss=5.8910
Epoch 1, step 1490, loss=5.8789
Epoch 1, step 1500, loss=5.3874
Epoch 1, step 1510, loss=5.0927
Epoch 1, step 1520, loss=5.5298
Epoch 1, step 1530, loss=5.2665
Epoch 1, step 1540, loss=4.8383
Epoch 1, step 1550, loss=5.3336
Epoch 1, step 1560, loss=4.9999
Epoch 1, step 1570, loss=5.4387
Epoch 1, step 1580, loss=5.5799
Epoch 1, step 1590, loss=5.7440
Epoch 1, step 1600, loss=4.9740
Epoch 1, step 1610, loss=5.6498
Epoch 1, step 1620, loss=5.8667
Epoch 1, step 1630, loss=5.5439
Epoch 1, step 1640, loss=5.7567
Epoch 1, step 1650, loss=6.2185
Epoch 1, step 1660, loss=5.9691
Epoch 1, step 1670, loss=5.2848
Epoch 1, step 1680, loss=5.1381
Epoch 1, step 1690, loss=5.4935
Epoch 1, step 1700, loss=4.7703
Epoch 1, step 1710, loss=5.8634
Epoch 1, step 1720, loss=4.7268
Epoch 1, step 1730, loss=5.7098
Epoch 1, step 1740, loss=5.4215
Epoch 1, step 1750, loss=4.4520
Epoch 1, step 1760, loss=5.4788
Epoch 1, step 1770, loss=5.7053
Epoch 1, step 1780, loss=5.4153
Epoch 1, step 1790, loss=5.4120
Epoch 1, step 1800, loss=5.1127
Epoch 1, step 1810, loss=5.0515
Epoch 1, step 1820, loss=5.9624
Epoch 1, step 1830, loss=5.0323
Epoch 1, step 1840, loss=5.2669
Epoch 1, step 1850, loss=4.9826
Epoch 1, step 1860, loss=5.0108
Epoch 1, step 1870, loss=5.4914
Epoch 1, step 1880, loss=5.7565
Epoch 1, step 1890, loss=5.4232
Epoch 1, step 1900, loss=5.3964
Epoch 1, step 1910, loss=5.3090
Epoch 1, step 1920, loss=5.3534
Epoch 1, step 1930, loss=5.8651
Epoch 1, step 1940, loss=5.7029
Epoch 1, step 1950, loss=5.8251
Epoch 1, step 1960, loss=4.1855
Epoch 1, step 1970, loss=5.3526
Epoch 1, step 1980, loss=5.2791
Epoch 1, step 1990, loss=5.9330
Epoch 1, step 2000, loss=5.2701
Epoch 1, step 2010, loss=5.9028
Epoch 1, step 2020, loss=5.8593
Epoch 1, step 2030, loss=5.9499
Epoch 1, step 2040, loss=5.1669
Epoch 1, step 2050, loss=5.6413
Epoch 1, step 2060, loss=4.6112
Epoch 1, step 2070, loss=4.9407
Epoch 1, step 2080, loss=4.8457
Epoch 1, step 2090, loss=5.2525
Epoch 1, step 2100, loss=5.8759
Epoch 1, step 2110, loss=5.3642
Epoch 1, step 2120, loss=5.6304
Epoch 1, step 2130, loss=5.4619
Epoch 1, step 2140, loss=4.7953
Epoch 1, step 2150, loss=5.4423
Epoch 1, step 2160, loss=5.6480
Epoch 1, step 2170, loss=5.4846
Epoch 1, step 2180, loss=3.7751
Epoch 1, step 2190, loss=5.5064
Epoch 1, step 2200, loss=5.6548
Epoch 1, step 2210, loss=5.1439
Epoch 1, step 2220, loss=5.7935
Epoch 1, step 2230, loss=5.2323
Epoch 1, step 2240, loss=4.8786
Epoch 1, step 2250, loss=5.2217
Epoch 1, step 2260, loss=4.2833
Epoch 1, step 2270, loss=5.7044
Epoch 1, step 2280, loss=5.1638
Epoch 1, step 2290, loss=5.4727
Epoch 1, step 2300, loss=5.4617
Epoch 1, step 2310, loss=5.0235
Epoch 1, step 2320, loss=5.4045
Epoch 1, step 2330, loss=5.4705
Epoch 1, step 2340, loss=4.6139
Epoch 1, step 2350, loss=5.8437
Epoch 1, step 2360, loss=4.6069
Epoch 1, step 2370, loss=5.7342
Epoch 1, step 2380, loss=4.7655
Epoch 1, step 2390, loss=5.2909
Epoch 1, step 2400, loss=5.3984
Epoch 1, step 2410, loss=5.3033
Epoch 1, step 2420, loss=5.9354
Epoch 1, step 2430, loss=5.5304
Epoch 1, step 2440, loss=5.4656
Epoch 1, step 2450, loss=5.4625
Epoch 1, step 2460, loss=5.1748
Epoch 1, step 2470, loss=4.9431
Epoch 1, step 2480, loss=4.6461
Epoch 1, step 2490, loss=5.2856
Epoch 1, step 2500, loss=5.4227
Epoch 1, step 2510, loss=5.4278
Epoch 1, step 2520, loss=5.3095
Epoch 1, step 2530, loss=6.0635
Epoch 1, step 2540, loss=5.3152
Epoch 1, step 2550, loss=5.4657
Epoch 1, step 2560, loss=4.1678
Epoch 1, step 2570, loss=5.0935
Epoch 1, step 2580, loss=4.8211
Epoch 1, step 2590, loss=5.0007
Epoch 1, step 2600, loss=5.5766
Epoch 1, step 2610, loss=5.4870
Epoch 1, step 2620, loss=4.4927
Epoch 1, step 2630, loss=5.9646
Epoch 1, step 2640, loss=5.4464
Epoch 1, step 2650, loss=4.7412
Epoch 1, step 2660, loss=4.6268
Epoch 1, step 2670, loss=5.1505
Epoch 1, step 2680, loss=5.5781
Epoch 1, step 2690, loss=4.6035
Epoch 1, step 2700, loss=5.3832
Epoch 1, step 2710, loss=5.0114
Epoch 1, step 2720, loss=4.2387
Epoch 1, step 2730, loss=4.6422
Epoch 1, step 2740, loss=5.7172
Epoch 1, step 2750, loss=5.2118
Epoch 1, step 2760, loss=4.9658
Epoch 1, step 2770, loss=4.8095
Epoch 1, step 2780, loss=4.5379
Epoch 1, step 2790, loss=5.5073
Epoch 1, step 2800, loss=5.4270
Epoch 1, step 2810, loss=5.2456
Epoch 1, step 2820, loss=5.4346
Epoch 1, step 2830, loss=4.9278
Epoch 1, step 2840, loss=5.5840
Epoch 1, step 2850, loss=5.2813
Epoch 1, step 2860, loss=4.9912
Epoch 1, step 2870, loss=5.1929
Epoch 1, step 2880, loss=5.7045
Epoch 1, step 2890, loss=5.8084
Epoch 1, step 2900, loss=5.9341
Epoch 1, step 2910, loss=5.3381
Epoch 1, step 2920, loss=6.2418
Epoch 1, step 2930, loss=6.0457
Epoch 1, step 2940, loss=4.9101
Epoch 1, step 2950, loss=5.8253
Epoch 1, step 2960, loss=5.4677
Epoch 1, step 2970, loss=5.4569
Epoch 1, step 2980, loss=3.8930
Epoch 1, step 2990, loss=4.8461
Epoch 1, step 3000, loss=4.5341
Epoch 1, step 3010, loss=5.5523
Epoch 1, step 3020, loss=4.8504
Epoch 1, step 3030, loss=5.8571
Epoch 1, step 3040, loss=4.8727
Epoch 1, step 3050, loss=5.2301
Epoch 1, step 3060, loss=5.4579
Epoch 1, step 3070, loss=5.4994
Epoch 1, step 3080, loss=4.7393
Epoch 1, step 3090, loss=4.9551
Epoch 1, step 3100, loss=5.2293
Epoch 1, step 3110, loss=5.4459
Epoch 1, step 3120, loss=4.9720
Epoch 1, step 3130, loss=5.8908
Epoch 1, step 3140, loss=5.0469
Epoch 1, step 3150, loss=4.3921
Epoch 1, step 3160, loss=5.1548
Epoch 1, step 3170, loss=5.5086
Epoch 1, step 3180, loss=5.2399
Epoch 1, step 3190, loss=4.8299
Epoch 1, step 3200, loss=5.6719
Epoch 1, step 3210, loss=4.2118
Epoch 1, step 3220, loss=5.5973
Epoch 1, step 3230, loss=5.8470
Epoch 1, step 3240, loss=4.1131
Epoch 1, step 3250, loss=4.9021
Epoch 1, step 3260, loss=4.8377
Epoch 1, step 3270, loss=5.5457
Epoch 1, step 3280, loss=5.7000
Epoch 1, step 3290, loss=4.9297
Epoch 1, step 3300, loss=4.4180
Epoch 1, step 3310, loss=5.0195
Epoch 1, step 3320, loss=5.3068
Epoch 1, step 3330, loss=5.0451
Epoch 1, step 3340, loss=5.1178
Epoch 1, step 3350, loss=4.9832
Epoch 1, step 3360, loss=5.0717
Epoch 1, step 3370, loss=5.2877
Epoch 1, step 3380, loss=5.3668
Epoch 1, step 3390, loss=5.6921
Epoch 1, step 3400, loss=5.7603
Epoch 1, step 3410, loss=5.1053
Epoch 1, step 3420, loss=4.7253
Epoch 1, step 3430, loss=5.2743
Epoch 1, step 3440, loss=5.2398
Epoch 1, step 3450, loss=4.3294
Epoch 1, step 3460, loss=5.0827
Epoch 1, step 3470, loss=5.1638
Epoch 1, step 3480, loss=5.7061
Epoch 1, step 3490, loss=5.1594
Epoch 1, step 3500, loss=4.8120
Epoch 1, step 3510, loss=5.4192
Epoch 1, step 3520, loss=5.4315
Epoch 1, step 3530, loss=5.1068
Epoch 1, step 3540, loss=5.2234
Epoch 1, step 3550, loss=4.8727
Epoch 1, step 3560, loss=5.5229
Epoch 1, step 3570, loss=5.6502
Epoch 1, step 3580, loss=4.8350
Epoch 1, step 3590, loss=4.8092
Epoch 1, step 3600, loss=5.7534
Epoch 1, step 3610, loss=5.2298
Epoch 1, step 3620, loss=4.3877
Epoch 1, step 3630, loss=5.8926
Epoch 1, step 3640, loss=5.2476
Epoch 1, step 3650, loss=5.4571
Epoch 1, step 3660, loss=5.4150
Epoch 1, step 3670, loss=4.3015
Epoch 1, step 3680, loss=5.3537
Epoch 1, step 3690, loss=4.8651
Epoch 1, step 3700, loss=5.2549
Epoch 1, step 3710, loss=4.6389
Epoch 1, step 3720, loss=5.4050
Epoch 1, step 3730, loss=6.1811
Epoch 1, step 3740, loss=4.8998
Epoch 1, step 3750, loss=5.2235
Epoch 1, step 3760, loss=5.4962
Epoch 1, step 3770, loss=5.0949
Epoch 1, step 3780, loss=5.2438
Epoch 1, step 3790, loss=5.6717
Epoch 1, step 3800, loss=4.7671
Epoch 1, step 3810, loss=4.5176
Epoch 1, step 3820, loss=5.4614
Epoch 1, step 3830, loss=4.9482
Epoch 1, step 3840, loss=5.1963
Epoch 1, step 3850, loss=5.0960
Epoch 1, step 3860, loss=5.9574
Epoch 1, step 3870, loss=4.7844
Epoch 1, step 3880, loss=5.1168
Epoch 1, step 3890, loss=5.3597
Epoch 1, step 3900, loss=5.3930
Epoch 1, step 3910, loss=5.1749
Epoch 1, step 3920, loss=5.8520
Epoch 1, step 3930, loss=5.2147
Epoch 1, step 3940, loss=5.1001
Epoch 1, step 3950, loss=5.1029
Epoch 1, step 3960, loss=4.6546
Epoch 1, step 3970, loss=5.1487
Epoch 1, step 3980, loss=4.6954
Epoch 1, step 3990, loss=5.2475
Epoch 1, step 4000, loss=5.6569
Epoch 1, step 4010, loss=5.5123
Epoch 1, step 4020, loss=5.5514
Epoch 1, step 4030, loss=4.8300
Epoch 1, step 4040, loss=5.7410
Epoch 1, step 4050, loss=5.6818
Epoch 1, step 4060, loss=5.4697
Epoch 1, step 4070, loss=5.3623
Epoch 1, step 4080, loss=4.6785
Epoch 1, step 4090, loss=6.3165
Epoch 1, step 4100, loss=5.0452
Epoch 1, step 4110, loss=5.6658
Epoch 1, step 4120, loss=5.4108
Epoch 1, step 4130, loss=5.4462
Epoch 1, step 4140, loss=4.5610
Epoch 1, step 4150, loss=5.3070
Epoch 1, step 4160, loss=5.4934
Epoch 1, step 4170, loss=4.4386
Epoch 1, step 4180, loss=5.2100
Epoch 1, step 4190, loss=5.2814
Epoch 1, step 4200, loss=4.6994
Epoch 1, step 4210, loss=4.9083
Epoch 1, step 4220, loss=4.9845
Epoch 1, step 4230, loss=4.9265
Epoch 1, step 4240, loss=5.0484
Epoch 1, step 4250, loss=5.3475
Epoch 1, step 4260, loss=5.2649
Epoch 1, step 4270, loss=5.1553
Epoch 1, step 4280, loss=5.0413
Epoch 1, step 4290, loss=5.2605
Epoch 1, step 4300, loss=4.7446
Epoch 1, step 4310, loss=5.5846
Epoch 1, step 4320, loss=4.6174
Epoch 1, step 4330, loss=5.5522
Epoch 1, step 4340, loss=3.6758
Epoch 1, step 4350, loss=4.6999
Epoch 1, step 4360, loss=5.1585
Epoch 1, step 4370, loss=4.2958
Epoch 1, step 4380, loss=5.3902
Epoch 1, step 4390, loss=5.4236
Epoch 1, step 4400, loss=3.2689
Epoch 1, step 4410, loss=5.5629
Epoch 1, step 4420, loss=5.3774
Epoch 1, step 4430, loss=5.3668
Epoch 1, step 4440, loss=5.1652
Epoch 1, step 4450, loss=5.1184
Epoch 1, step 4460, loss=5.2448
Epoch 1, step 4470, loss=5.4452
Epoch 1, step 4480, loss=3.9348
Epoch 1, step 4490, loss=5.2605
Epoch 1, step 4500, loss=4.9183
Epoch 1, step 4510, loss=5.2693
Epoch 1, step 4520, loss=4.4048
Epoch 1, step 4530, loss=5.1346
Epoch 1, step 4540, loss=4.7844
Epoch 1, step 4550, loss=5.6552
Epoch 1, step 4560, loss=5.3186
Epoch 1, step 4570, loss=5.1942
Epoch 1, step 4580, loss=6.1822
